// Jest Snapshot v1, https://goo.gl/fbAQLP

exports[`Basic CLI testing should match cli version 1`] = `
"1.0
"
`;

exports[`Basic CLI testing should run a cli with help 1`] = `
"Usage: basic-cli [options] [command]

Options:
  --silent        Disable log and debug information, including children
                  proccess stdout (default: false)
  -V, --version   output the version number
  -h, --help      display help for command

Commands:
  sonic
  amy
  eggman
  knuckles
  help [command]  display help for command
"
`;
