// Jest Snapshot v1, https://goo.gl/fbAQLP

exports[`Basic CLI testing should match cli version 1`] = `
"1.0
"
`;

exports[`Basic CLI testing should run a cli with help 1`] = `
"Usage: mocked-test [options] [command]

cli description

Options:
  -V, --version   output the version number
  --silent        Disable log and debug information, including children
                  proccess stdout (default: false)
  -h, --help      display help for command

Commands:
  sonic
  amy
  eggman
  knuckles
  help [command]  display help for command
"
`;

exports[`Basic CLI testing should run a cli with help and match expected commands 1`] = `
"1.0
"
`;
